{
    "Path": "README",
    "Data": "SEVMTE8gV09STEQK",
    "Sha": "0846a192175701903ddd9264ece31922d8437c1a"
}
