{
    "Path": "README",
    "Data": "SGVsbG8gV29ybGQhCg==",
    "BlobID": "980a0d5f19a64b4b30a87d4206aade58726b60e3"
}