{
    "Name": "v0.1",
    "Path": "refs/tags/v0.1",
    "Sha": "7fd1a60b01f91b314f59955a4e4d4e80d8edf11d"
}